C:\Users\lg\Desktop\대학교\후이즈\study(whois)>notepad README.md

C:\Users\lg\Desktop\대학교\후이즈\study(whois)>git status
On branch master
Your branch is up to date with 'origin/master'.

Changes not staged for commit:
  (use "git add <file>..." to update what will be committed)
  (use "git checkout -- <file>..." to discard changes in working directory)

        modified:   README.md

no changes added to commit (use "git add" and/or "git commit -a")

C:\Users\lg\Desktop\대학교\후이즈\study(whois)>git add
Nothing specified, nothing added.
Maybe you wanted to say 'git add .'?

C:\Users\lg\Desktop\대학교\후이즈\study(whois)>git add .

C:\Users\lg\Desktop\대학교\후이즈\study(whois)>git status
On branch master
Your branch is up to date with 'origin/master'.

앙 기모띠


Changes to be committed:
  (use "git reset HEAD <file>..." to unstage)

        modified:   README.md


C:\Users\lg\Desktop\대학교\후이즈\study(whois)>git commit -m "i want to modify README"
[master e91d365] i want to modify README
 1 file changed, 1 insertion(+)

C:\Users\lg\Desktop\대학교\후이즈\study(whois)>git push
Enumerating objects: 5, done.
Counting objects: 100% (5/5), done.
Writing objects: 100% (3/3), 297 bytes | 27.00 KiB/s, done.
Total 3 (delta 0), reused 0 (delta 0)
To https://github.com/rnjsrudals98/study-whois-.git
   e750993..e91d365  master -> master

C:\Users\lg\Desktop\대학교\후이즈\study(whoi